stm32f3xx_it.c:84:6:NMI_Handler	4	static
stm32f3xx_it.c:97:6:HardFault_Handler	4	static
stm32f3xx_it.c:112:6:MemManage_Handler	4	static
stm32f3xx_it.c:127:6:BusFault_Handler	4	static
stm32f3xx_it.c:142:6:UsageFault_Handler	4	static
stm32f3xx_it.c:157:6:SVC_Handler	4	static
stm32f3xx_it.c:170:6:DebugMon_Handler	4	static
stm32f3xx_it.c:183:6:PendSV_Handler	4	static
stm32f3xx_it.c:196:6:SysTick_Handler	8	static
stm32f3xx_it.c:217:6:EXTI4_IRQHandler	8	static
stm32f3xx_it.c:237:6:DMA1_Channel3_IRQHandler	8	static
stm32f3xx_it.c:251:6:EXTI9_5_IRQHandler	8	static
stm32f3xx_it.c:268:6:TIM1_CC_IRQHandler	8	static
stm32f3xx_it.c:282:6:USART2_IRQHandler	8	static
stm32f3xx_it.c:296:6:EXTI15_10_IRQHandler	8	static
stm32f3xx_it.c:318:6:ADC3_IRQHandler	8	static
